
    0:00 InitGame: 
    21:42 Kill: 1022 2 22: <world> killed Isgalamido by MOD_TRIGGER_HURT
    2:22 Kill: 3 2 10: Isgalamido killed Dono da Bola by MOD_RAILGUN
    